ubuntu@instance-20180703-1347:~$ lsblk
NAME    MAJ:MIN RM    SIZE RO TYPE MOUNTPOINT
sda       8:0    0      1T  0 disk
„¥„Ÿsda1    8:1    0 1023.9G  0 part /
„¥„Ÿsda14   8:14   0      4M  0 part
„¤„Ÿsda15   8:15   0    106M  0 part /boot/efi
sdb       8:16   0      1T  0 disk
„¤„Ÿsdb1    8:17   0   1024G  0 part [SWAP]
ubuntu@instance-20180703-1347:~$
ubuntu@instance-20180703-1347:~$ df -h
Filesystem      Size  Used Avail Use% Mounted on
udev             94G     0   94G   0% /dev
tmpfs            19G   18M   19G   1% /run
/dev/sda1       993G   42G  952G   5% /
tmpfs            94G     0   94G   0% /dev/shm
tmpfs           5.0M     0  5.0M   0% /run/lock
tmpfs            94G     0   94G   0% /sys/fs/cgroup
/dev/sda15      105M  3.4M  101M   4% /boot/efi
tmpfs            19G     0   19G   0% /run/user/1002
tmpfs            19G     0   19G   0% /run/user/1000
ubuntu@instance-20180703-1347:~$
ubuntu@instance-20180703-1347:~$ free -h
              total        used        free      shared  buff/cache   available
Mem:           187G         17G        155G        1.9G         14G        167G
Swap:          1.0T          0B        1.0T
ubuntu@instance-20180703-1347:~$
